[2026-02-25 11:49:04 +0300] [975] [INFO] Handling signal: term
[2026-02-25 11:49:04 +0300] [977] [INFO] Worker exiting (pid: 977)
[2026-02-25 11:49:04 +0300] [979] [INFO] Worker exiting (pid: 979)
[2026-02-25 11:49:04 +0300] [978] [INFO] Worker exiting (pid: 978)
[2026-02-25 11:49:05 +0300] [975] [INFO] Worker (pid:977) was sent SIGTERM!
[2026-02-25 11:49:05 +0300] [975] [INFO] Worker (pid:978) was sent SIGTERM!
[2026-02-25 11:49:05 +0300] [975] [INFO] Worker (pid:979) was sent SIGTERM!
[2026-02-25 11:49:05 +0300] [975] [INFO] Shutting down: Master
[2026-02-25 11:49:05 +0300] [1205] [INFO] Starting gunicorn 25.1.0
[2026-02-25 11:49:05 +0300] [1205] [INFO] Listening at: http://127.0.0.1:8000 (1205)
[2026-02-25 11:49:05 +0300] [1205] [INFO] Using worker: sync
[2026-02-25 11:49:05 +0300] [1205] [INFO] Control socket listening at /var/www/contractor_checker/gunicorn.ctl
[2026-02-25 11:49:05 +0300] [1207] [INFO] Booting worker with pid: 1207
[2026-02-25 11:49:05 +0300] [1208] [INFO] Booting worker with pid: 1208
[2026-02-25 11:49:05 +0300] [1209] [INFO] Booting worker with pid: 1209
[2026-02-25 11:49:06 +0300] [1208] [ERROR] Exception in worker process
Traceback (most recent call last):
  File "/var/www/contractor_checker/venv/lib/python3.10/site-packages/gunicorn/arbiter.py", line 708, in spawn_worker
    worker.init_process()
  File "/var/www/contractor_checker/venv/lib/python3.10/site-packages/gunicorn/workers/base.py", line 136, in init_process
    self.load_wsgi()
  File "/var/www/contractor_checker/venv/lib/python3.10/site-packages/gunicorn/workers/base.py", line 148, in load_wsgi
    self.wsgi = self.app.wsgi()
  File "/var/www/contractor_checker/venv/lib/python3.10/site-packages/gunicorn/app/base.py", line 66, in wsgi
    self.callable = self.load()
  File "/var/www/contractor_checker/venv/lib/python3.10/site-packages/gunicorn/app/wsgiapp.py", line 57, in load
    return self.load_wsgiapp()
  File "/var/www/contractor_checker/venv/lib/python3.10/site-packages/gunicorn/app/wsgiapp.py", line 47, in load_wsgiapp
    return util.import_app(self.app_uri)
  File "/var/www/contractor_checker/venv/lib/python3.10/site-packages/gunicorn/util.py", line 377, in import_app
    mod = importlib.import_module(module)
  File "/usr/lib/python3.10/importlib/__init__.py", line 126, in import_module
    return _bootstrap._gcd_import(name[level:], package, level)
  File "<frozen importlib._bootstrap>", line 1050, in _gcd_import
  File "<frozen importlib._bootstrap>", line 1027, in _find_and_load
  File "<frozen importlib._bootstrap>", line 1006, in _find_and_load_unlocked
  File "<frozen importlib._bootstrap>", line 688, in _load_unlocked
  File "<frozen importlib._bootstrap_external>", line 883, in exec_module
  File "<frozen importlib._bootstrap>", line 241, in _call_with_frames_removed
  File "/var/www/contractor_checker/run.py", line 3, in <module>
    app = create_app()
  File "/var/www/contractor_checker/app/__init__.py", line 65, in create_app
    from app.main import bp as main_bp
  File "/var/www/contractor_checker/app/main/__init__.py", line 5, in <module>
    from app.main import routes
  File "/var/www/contractor_checker/app/main/routes.py", line 3, in <module>
    from app.services.fns_checker import FNSChecker
  File "/var/www/contractor_checker/app/services/fns_checker.py", line 142
    """
    ^^^
IndentationError: expected an indented block after function definition on line 141
[2026-02-25 11:49:06 +0300] [1207] [ERROR] Exception in worker process
Traceback (most recent call last):
  File "/var/www/contractor_checker/venv/lib/python3.10/site-packages/gunicorn/arbiter.py", line 708, in spawn_worker
    worker.init_process()
  File "/var/www/contractor_checker/venv/lib/python3.10/site-packages/gunicorn/workers/base.py", line 136, in init_process
    self.load_wsgi()
  File "/var/www/contractor_checker/venv/lib/python3.10/site-packages/gunicorn/workers/base.py", line 148, in load_wsgi
    self.wsgi = self.app.wsgi()
  File "/var/www/contractor_checker/venv/lib/python3.10/site-packages/gunicorn/app/base.py", line 66, in wsgi
    self.callable = self.load()
  File "/var/www/contractor_checker/venv/lib/python3.10/site-packages/gunicorn/app/wsgiapp.py", line 57, in load
    return self.load_wsgiapp()
  File "/var/www/contractor_checker/venv/lib/python3.10/site-packages/gunicorn/app/wsgiapp.py", line 47, in load_wsgiapp
    return util.import_app(self.app_uri)
  File "/var/www/contractor_checker/venv/lib/python3.10/site-packages/gunicorn/util.py", line 377, in import_app
    mod = importlib.import_module(module)
  File "/usr/lib/python3.10/importlib/__init__.py", line 126, in import_module
    return _bootstrap._gcd_import(name[level:], package, level)
  File "<frozen importlib._bootstrap>", line 1050, in _gcd_import
  File "<frozen importlib._bootstrap>", line 1027, in _find_and_load
  File "<frozen importlib._bootstrap>", line 1006, in _find_and_load_unlocked
  File "<frozen importlib._bootstrap>", line 688, in _load_unlocked
  File "<frozen importlib._bootstrap_external>", line 883, in exec_module
  File "<frozen importlib._bootstrap>", line 241, in _call_with_frames_removed
  File "/var/www/contractor_checker/run.py", line 3, in <module>
    app = create_app()
  File "/var/www/contractor_checker/app/__init__.py", line 65, in create_app
    from app.main import bp as main_bp
  File "/var/www/contractor_checker/app/main/__init__.py", line 5, in <module>
    from app.main import routes
  File "/var/www/contractor_checker/app/main/routes.py", line 3, in <module>
    from app.services.fns_checker import FNSChecker
  File "/var/www/contractor_checker/app/services/fns_checker.py", line 142
    """
    ^^^
IndentationError: expected an indented block after function definition on line 141
[2026-02-25 11:49:06 +0300] [1208] [INFO] Worker exiting (pid: 1208)
[2026-02-25 11:49:06 +0300] [1207] [INFO] Worker exiting (pid: 1207)
[2026-02-25 11:49:06 +0300] [1209] [ERROR] Exception in worker process
Traceback (most recent call last):
  File "/var/www/contractor_checker/venv/lib/python3.10/site-packages/gunicorn/arbiter.py", line 708, in spawn_worker
    worker.init_process()
  File "/var/www/contractor_checker/venv/lib/python3.10/site-packages/gunicorn/workers/base.py", line 136, in init_process
    self.load_wsgi()
  File "/var/www/contractor_checker/venv/lib/python3.10/site-packages/gunicorn/workers/base.py", line 148, in load_wsgi
    self.wsgi = self.app.wsgi()
  File "/var/www/contractor_checker/venv/lib/python3.10/site-packages/gunicorn/app/base.py", line 66, in wsgi
    self.callable = self.load()
  File "/var/www/contractor_checker/venv/lib/python3.10/site-packages/gunicorn/app/wsgiapp.py", line 57, in load
    return self.load_wsgiapp()
  File "/var/www/contractor_checker/venv/lib/python3.10/site-packages/gunicorn/app/wsgiapp.py", line 47, in load_wsgiapp
    return util.import_app(self.app_uri)
  File "/var/www/contractor_checker/venv/lib/python3.10/site-packages/gunicorn/util.py", line 377, in import_app
    mod = importlib.import_module(module)
  File "/usr/lib/python3.10/importlib/__init__.py", line 126, in import_module
    return _bootstrap._gcd_import(name[level:], package, level)
  File "<frozen importlib._bootstrap>", line 1050, in _gcd_import
  File "<frozen importlib._bootstrap>", line 1027, in _find_and_load
  File "<frozen importlib._bootstrap>", line 1006, in _find_and_load_unlocked
  File "<frozen importlib._bootstrap>", line 688, in _load_unlocked
  File "<frozen importlib._bootstrap_external>", line 883, in exec_module
  File "<frozen importlib._bootstrap>", line 241, in _call_with_frames_removed
  File "/var/www/contractor_checker/run.py", line 3, in <module>
    app = create_app()
  File "/var/www/contractor_checker/app/__init__.py", line 65, in create_app
    from app.main import bp as main_bp
  File "/var/www/contractor_checker/app/main/__init__.py", line 5, in <module>
    from app.main import routes
  File "/var/www/contractor_checker/app/main/routes.py", line 3, in <module>
    from app.services.fns_checker import FNSChecker
  File "/var/www/contractor_checker/app/services/fns_checker.py", line 142
    """
    ^^^
IndentationError: expected an indented block after function definition on line 141
[2026-02-25 11:49:06 +0300] [1209] [INFO] Worker exiting (pid: 1209)
[2026-02-25 11:49:06 +0300] [1205] [ERROR] Worker (pid:1208) exited with code 3.
[2026-02-25 11:49:06 +0300] [1205] [INFO] Worker (pid:1207) was sent SIGTERM!
[2026-02-25 11:49:06 +0300] [1205] [INFO] Worker (pid:1209) was sent SIGTERM!
[2026-02-25 11:49:06 +0300] [1205] [ERROR] Shutting down: Master
[2026-02-25 11:49:06 +0300] [1205] [ERROR] Reason: Worker failed to boot.
[2026-02-25 11:59:35 +0300] [1310] [INFO] Starting gunicorn 25.1.0
[2026-02-25 11:59:35 +0300] [1310] [INFO] Listening at: http://127.0.0.1:8000 (1310)
[2026-02-25 11:59:35 +0300] [1310] [INFO] Using worker: sync
[2026-02-25 11:59:35 +0300] [1310] [INFO] Control socket listening at /var/www/contractor_checker/gunicorn.ctl
[2026-02-25 11:59:35 +0300] [1313] [INFO] Booting worker with pid: 1313
[2026-02-25 11:59:35 +0300] [1314] [INFO] Booting worker with pid: 1314
[2026-02-25 11:59:35 +0300] [1315] [INFO] Booting worker with pid: 1315
[2026-02-25 15:10:27 +0300] [670] [INFO] Starting gunicorn 25.1.0
[2026-02-25 15:10:27 +0300] [670] [INFO] Listening at: http://127.0.0.1:8000 (670)
[2026-02-25 15:10:27 +0300] [670] [INFO] Using worker: sync
[2026-02-25 15:10:27 +0300] [670] [INFO] Control socket listening at /var/www/contractor_checker/gunicorn.ctl
[2026-02-25 15:10:27 +0300] [673] [INFO] Booting worker with pid: 673
[2026-02-25 15:10:28 +0300] [674] [INFO] Booting worker with pid: 674
[2026-02-25 15:10:28 +0300] [675] [INFO] Booting worker with pid: 675
